// Jest Snapshot v1, https://goo.gl/fbAQLP

exports[`Request should render with loaded props 1`] = `
<SceneWrapper>
  <View
    style={
      Object {
        "alignItems": "center",
        "marginVertical": 5,
      }
    }
  >
    <ExchangeRate
      primaryInfo={Object {}}
      secondaryDisplayAmount={Object {}}
      secondaryInfo={Object {}}
    />
  </View>
  <View
    style={
      Object {
        "alignItems": "center",
        "flex": 1,
        "justifyContent": "flex-start",
      }
    }
  >
    <ExchangedFlipInput
      color="#FFFFFF"
      exchangeSecondaryToPrimaryRatio={Object {}}
      forceUpdateGuiCounter={0}
      isEditable={true}
      isFiatOnTop={false}
      isFocus={false}
      keyboardVisible={false}
      onExchangeAmountChanged={[Function]}
      overridePrimaryExchangeAmount=""
      primaryCurrencyInfo={Object {}}
      secondaryCurrencyInfo={Object {}}
      toggleFiatOnTop={null}
    />
    <View
      style={
        Object {
          "overflow": "hidden",
        }
      }
    >
      <QRCode
        value=""
      />
    </View>
    <RequestStatus
      addressExplorer={null}
      amountReceivedInCrypto={0}
      amountRequestedInCrypto={0}
    />
  </View>
  <View
    style={
      Object {
        "alignItems": "stretch",
        "justifyContent": "center",
      }
    }
  >
    <ShareButtons
      copyToClipboard={[Function]}
      shareViaEmail={[Function]}
      shareViaSMS={[Function]}
      shareViaShare={[Function]}
    />
  </View>
</SceneWrapper>
`;

exports[`Request should render with loading props 1`] = `
<ActivityIndicator
  animating={true}
  color="#999999"
  hidesWhenStopped={true}
  size="large"
  style={
    Object {
      "alignSelf": "center",
      "flex": 1,
    }
  }
/>
`;
